// Jest Snapshot v1, https://goo.gl/fbAQLP

exports[`coin markup is correct 1`] = `
<li
  class="coin "
>
  <label
    class="label"
    data-testid="coin-label"
  >
    <img
      alt=""
      class="image"
    />
    <input
      class="input"
      type="checkbox"
      value="2"
    />
  </label>
</li>
`;
