// Jest Snapshot v1, https://goo.gl/fbAQLP

exports[`coin markup is correct 1`] = `
<li
  class="css-195u3bx"
>
  <label
    data-testid="coin-label"
    class="css-7a8vid"
  >
    <h3
      data-testid="coin-label"
    >
      Kew Gardens
    </h3>
    <input
      type="checkbox"
      style="display: none;"
      value="2"
    />
  </label>
</li>
`;
